[911win.co/settings.html]
[backblue.gif]
[fade.gif]
[index.html]
[911win.co/manifest.json]
[911win.co/css/ch/style.css]
[911win.co/css/ch/style_n.css]
[911win.co/css/ch/custom.css]
[911win.co/css/ch/setting_styles403d.css]
[911win.co/js/sweetalert.min.js]
[911win.co/css/ch/swiper-bundle.min.css]
[911win.co/css/mo/jquery.slidey.min.css]
[911win.co/css/ch/font-awesome.min.css]
[911win.co/images/viet/icon57.png]
[911win.co/images/viet/icon72.png]
[911win.co/images/viet/icon114.png]
[911win.co/images/viet/icon192.png]
[911win.co/images/viet/icon128.png]
[911win.co/js/jquery-2.1.4.min.js]
[911win.co/js/wow.min.js]
[unpkg.com/swiper@8/swiper-bundle.min.12.delayed]
[unpkg.com/swiper@8.2.4/swiper-bundle.min.css]
[unpkg.com/swiper@8/swiper-bundle.min.14.delayed]
[unpkg.com/swiper@8.2.4/swiper-bundle.min.js]
[911win.co/css/mo/owl.carousel.css]
[911win.co/js/owl.carousel.js]
[911win.co/js/move-top.js]
[911win.co/js/easing.js]
[911win.co/member_json.html]
[911win.co/login.html]
[connect.facebook.net/en_US/fbevents.js]
[911win.co/images/viet/web_heart_animation2.png]
[911win.co/css/mo/bootstrap91.css]
[911win.co/css/ch/stylee277.css]
[911win.co/css/ch/docs.css]
[911win.co/css/ch/mmenu.css]
[911win.co/css/ch/sweetalert.css]
[911win.co/js/sweetalert.js]
[911win.co/js/jquery.mmenu.min.js]
[911win.co/service-worker.js]
[911win.co/images/viet/back2021.svg]
[911win.co/signup.html]
[911win.co/images/ch/911vlogo_153x56.png]
[911win.co/images/viet/man_sport.webp]
[911win.co/game_sport.html]
[911win.co/images/viet/girrl.webp]
[911win.co/game_live.html]
[911win.co/images/viet/sharkk.webp]
[911win.co/game_egame.html]
[911win.co/images/viet/carcar.webp]
[911win.co/game_lottery.html]
[911win.co/911vip.html]
[911win.co/promotion.html]
[911win.co/images/viet/headphone.svg]
[911win.co/service.html]
[911win.co/images/viet/9dot.svg]
[911win.co/images/viet/house2.png]
[911win.co/images/viet/sale.png]
[911win.co/images/viet/bulletin.png]
[911win.co/notice.html]
[911win.co/images/viet/facebook_logos.png]
[911win.co/images/viet/APP.png]
[911win.co/js/jquery.blockUI.js]
[911win.co/member_json4cyc.html]
[911win.co/service_help5.html]
[911win.co/images/viet/vvs_3.webp]
[911win.co/images/viet/vipp_v.webp]
[911win.co/images/viet/saba3.webp]
[911win.co/images/viet/mofriends.webp]
[911win.co/images/viet/ele_v.webp]
[911win.co/images/viet/zalo_index.webp]
[911win.co/images/viet/hoi.webp]
[911win.co/images/viet/diem.webp]
[911win.co/images/viet/bai.webp]
[911win.co/images/viet/20220119V.webp]
[911win.co/images/viet/1221b.webp]
[911win.co/images/viet/loudd.svg]
[911win.co/images/viet/tawkqr.jpg]
[911win.co/images/viet/viberqr.webp]
[911win.co/images/viet/facebookqr.png]
[i.imgur.com/c4mLt5X.jpg]
[911win.co/images/viet/lineqr883b.webp]
[911win.co/images/viet/telegramQRcode.webp]
[911win.co/images/viet/live.png]
[911win.co/images/viet/BALL.png]
[911win.co/images/viet/7772.png]
[911win.co/images/viet/lottery.png]
[911win.co/images/viet/S.png]
[911win.co/images/viet/newSaba220527.webp]
[911win.co/images/viet/newDG220527.webp]
[911win.co/images/viet/SA.webp]
[911win.co/images/viet/spobg.webp]
[911win.co/images/viet/lotterybg.webp]
[911win.co/images/viet/newSPORT220527.webp]
[911win.co/images/viet/newLIVECASINO220527.webp]
[911win.co/images/viet/newEGAMES220527.webp]
[911win.co/images/viet/newLOTTERY220527.webp]
[911win.co/images/viet/ethcarBG.png]
[911win.co/images/viet/ethcar.webp]
[911win.co/images/viet/gg5.jpg]
[911win.co/images/viet/gg4.webp]
[911win.co/images/viet/gg2.jpg]
[911win.co/images/viet/gg1.webp]
[911win.co/images/viet/gg3.webp]
[911win.co/images/viet/gg4.jpg]
[911win.co/images/viet/gg1.jpg]
[911win.co/images/viet/gg3.jpg]
[911win.co/images/viet/reallbanner2.webp]
[911win.co/images/viet/reallbanner_1.webp]
[911win.co/images/viet/lottbanner2.webp]
[911win.co/images/viet/lottbanner_1.webp]
[911win.co/images/viet/elebanner2.webp]
[911win.co/images/viet/elebanner_1.webp]
[911win.co/images/viet/sportbanner2.webp]
[911win.co/images/viet/sportbanner_1.webp]
[911win.co/images/viet/shipping.png]
[911win.co/images/viet/support2.png]
[911win.co/images/viet/money-back.png]
[911win.co/images/viet/game.png]
[911win.co/js/bootstrap.min.js]
[911win.co/js/superslide.2.1.js]
[911win.co/js/swiper-bundle.min.js]
[cdnjs.cloudflare.com/ajax/libs/countup.js/1.8.2/countUp.min.js]
[911win.co/images/viet/new_h.png]
[911win.co/service_help1.html]
[911win.co/images/viet/save_h.png]
[911win.co/service_help2.html]
[911win.co/images/viet/qq_h.png]
[911win.co/service_help3.html]
[911win.co/images/viet/teach_h.png]
[911win.co/service_help4.html]
[911win.co/images/viet/cooperrr.png]
[911win.co/disclaimer.html]
[911win.co/privacy.html]
[911win.co/service_terms.html]
[911win.co/images/viet/chrome.png]
[911win.co/images/viet/firefox.png]
[911win.co/settings.html]
[www.googletagmanager.com/gtm5445.html]
[911win.co/css/images/1.jpg]
[911win.co/images/ch/o88-sprites-MainNav.png]
[911win.co/images/mo/arrow1.png]
[911win.co/images/viet/facebook_icon.png]
[911win.co/images/viet/index_service_group.png]
[911win.co/images/viet/telegram0314.png]
[911win.co/images/viet/icon_maintain.svg]
[911win.co/css/ch/style.css]
[911win.co/assets/images/all-icon.png]
[911win.co/assets/images/menu.png]
[911win.co/assets/images/member-icon.png]
[911win.co/assets/images/loading-2.gif]
[911win.co/assets/images/grab.png]
[911win.co/assets/images/grabbing.png]
[911win.co/css/ch/common/video-close-btn.png]
[911win.co/assets/images/light-skin-1.png]
[911win.co/assets/images/black-skin-1.png]
[911win.co/assets/images/black-skin-1-retina.png]
[911win.co/assets/images/black-skin-2.png]
[911win.co/assets/images/black-skin-2-retina.png]
[911win.co/assets/images/light-skin-2.png]
[911win.co/assets/images/light-skin-2-retina.png]
[911win.co/assets/images/light-skin-3.png]
[911win.co/assets/images/light-skin-3-retina.png]
[911win.co/assets/images/light-skin-4.png]
[911win.co/assets/images/light-skin-4-retina.png]
[911win.co/assets/images/light-skin-5.png]
[911win.co/assets/images/light-skin-5-retina.png]
[911win.co/assets/images/light-skin-6.png]
[911win.co/assets/images/light-skin-6-retina.png]
[911win.co/assets/images/metro-skin.png]
[911win.co/assets/images/metro-skin-retina.png]
[911win.co/assets/images/minimal.svg]
[911win.co/assets/images/contrast-skin.png]
[911win.co/assets/images/contrast-skin-retina.png]
[911win.co/css/ch/templates/device-skin.png]
[911win.co/css/ch/templates/gallery-btns.png]
[911win.co/css/ch/templates/staff-arrows.png]
[911win.co/css/ch/templates/vertical-arrows.png]
[911win.co/assets/images/orange.png]
[911win.co/assets/images/online-service.png]
[911win.co/assets/images/banner-news-arrow.png]
[911win.co/assets/images/loader.gif]
[911win.co/assets/images/icons.png]
[911win.co/assets/images/aoao.png]
[911win.co/assets/images/menu-bg.png]
[911win.co/assets/images/maska1e2.png]
[911win.co/assets/images/menu-hover.png]
[911win.co/assets/images/footer-top-blur.png]
[911win.co/assets/images/footer-top-line.png]
[911win.co/assets/images/ind-dt-line-bottom.png]
[911win.co/assets/images/ind-dt-bg-bottom.png]
[911win.co/assets/images/ind-dt-blur-bottom.png]
[911win.co/assets/images/inter-partner-line.png]
[911win.co/assets/images/inter-partner-bg.png]
[911win.co/assets/images/in-footer-blur.png]
[911win.co/assets/images/inter-banner.jpg]
[911win.co/assets/images/inter-dt-line.png]
[911win.co/assets/images/inter-dt-bg.png]
[911win.co/assets/images/inter-dt-blur.png]
[911win.co/assets/images/li-bg.png]
[911win.co/assets/images/li-img.png]
[911win.co/assets/images/share-page-arrow.png]
[911win.co/assets/images/pay-alett-money.png]
[911win.co/images/ch/loading.gif]
[911win.co/assets/images/ind-new-icon.d5.delayed]
[911win.co/assets/images/ind-dt-line.png]
[911win.co/assets/images/ind-dt-bg.png]
[911win.co/assets/images/ind-dt-blur.png]
[911win.co/assets/images/ind-row1-sliver-bg.png]
[911win.co/assets/images/ind-row1-color-bg.png]
[911win.co/assets/images/ind-ulitem-bg.png]
[911win.co/assets/images/fast-trans-arrow.png]
[911win.co/images/ch/member-pupup-box.png]
[911win.co/assets/images/member-betting-arrow.png]
[911win.co/assets/images/member-tabs-bg.png]
[911win.co/assets/images/member-tabs-ahover.png]
[911win.co/assets/images/member-tabs-bottom-line.png]
[911win.co/assets/images/main-bg.jpg]
[911win.co/assets/images/login-bg.jpg]
[911win.co/assets/images/login-right-bg.png]
[911win.co/assets/images/event/info-icon.png]
[911win.co/assets/images/event/star-icon.png]
[911win.co/assets/images/event/gift-icon.png]
[911win.co/assets/images/service-qrcode.png]
[911win.co/assets/images/game-page/slot/top-slot-bg.png]
[911win.co/assets/images/game-page/bingo/bg.png]
[911win.co/assets/images/game-page/sport/bg.png]
[911win.co/assets/images/q.png]
[911win.co/assets/images/a.png]
[911win.co/assets/images/mlb-bg.jpg]
[911win.co/assets/images/mlb-point.png]
[911win.co/assets/images/bg-repeat.jpg]
[911win.co/assets/images/mlb-team-icon.png]
[911win.co/assets/images/team-like.png]
[911win.co/css/ch/style_n.css]
[911win.co/images/ch/slider-arrow.png]
[911win.co/css/ch/custom.css]
[911win.co/css/ch/setting_styles403d.css]
[911win.co/css/ch/swiper-bundle.min.css]
[911win.co/css/mo/jquery.slidey.min.css]
[911win.co/css/fonts/fontawesome-webfont5b62.eot]
[911win.co/css/fonts/fontawesome-webfontd41d.eot]
[911win.co/css/fonts/fontawesome-webfont5b62.woff2]
[911win.co/css/fonts/fontawesome-webfont5b62.woff]
[911win.co/css/fonts/fontawesome-webfont5b62.ttf]
[911win.co/css/fonts/fontawesome-webfont5b62.svg]
[911win.co/css/ch/font-awesome.min.css]
[unpkg.com/swiper@8.2.4/swiper-bundle.min.css]
[911win.co/css/mo/grabbing.png]
[911win.co/css/mo/owl.carousel.css]
[911win.co/member_json.html]
[911win.co/images/ch/icon57.png]
[911win.co/images/ch/icon72.png]
[911win.co/images/ch/icon114.png]
[911win.co/images/ch/icon192.png]
[911win.co/images/ch/icon128.png]
[apis.google.com/js/api.js]
[911win.co/lib/doaction.html]
[911win.co/images/viet/bg_login.png]
[911win.co/images/viet/people.png]
[911win.co/images/phone.png]
[911win.co/images/ID.png]
[911win.co/images/softwareid.png]
[911win.co/images/viet/lock111.png]
[911win.co/images/shield.png]
[911win.co/images/location.png]
[911win.co/images/software.png]
[911win.co/images/viet/GOOGLE.png]
[911win.co/images/viet/service111.png]
[911win.co/images/viet/house111.png]
[911win.co/login.html]
[911win.co/c]
[911win.co/b]
[911win.co/POST]
[connect.facebook.net/en_US/fbevents.js]
[911win.co/css/fonts/glyphicons-halflings-regular.eot]
[911win.co/css/fonts/glyphicons-halflings-regulard41d.eot]
[911win.co/css/fonts/glyphicons-halflings-regular.woff2]
[911win.co/css/fonts/glyphicons-halflings-regular.woff]
[911win.co/css/fonts/glyphicons-halflings-regular.ttf]
[911win.co/css/fonts/glyphicons-halflings-regular.svg]
[911win.co/css/mo/bootstrap91.css]
[911win.co/css/ch/stylee277.css]
[911win.co/css/ch/docs.css]
[911win.co/css/ch/mmenu.css]
[911win.co/css/ch/css/icons]
[911win.co/css/ch/css/text]
[911win.co/css/ch/css/buttons]
[911win.co/css/ch/css/content]
[911win.co/css/ch/css/button-loader]
[911win.co/css/ch/sweetalert.css]
[911win.co/css/mo/ind2.css]
[911win.co/download.html]
[911win.co/authnum.png]
[911win.co/signup.html]
[911win.co/images/viet/back2021.svg]
[911win.co/css/ch/style_nf739.css]
[911win.co/css/ch/indacfc.css]
[911win.co/css/ch/app.css]
[911win.co/js/native.js]
[911win.co/createToken.html]
[911win.co/images/viet/sport_pc.webp]
[911win.co/images/viet/sport_mobile.webp]
[911win.co/images/viet/spooooo.png]
[911win.co/images/viet/newsaba.jpg]
[911win.co/images/viet/newsaba-logo.png]
[911win.co/images/viet/refresh.png]
[911win.co/images/viet/newIM.jpg]
[911win.co/images/viet/newIM-logo.png]
[911win.co/images/viet/newCMD.jpg]
[911win.co/images/viet/newCMD-logo.png]
[911win.co/images/viet/newugs2.jpg]
[911win.co/images/viet/newugs2-logo.png]
[911win.co/game_sport.html]
[911win.co/images/viet/livecasino_pc.webp]
[911win.co/images/viet/livecasino_mobile.webp]
[911win.co/images/viet/reaaal.png]
[911win.co/images/viet/newEVO.jpg]
[911win.co/images/viet/newEVO-logo.png]
[911win.co/images/viet/newsexy.jpg]
[911win.co/images/viet/newsexy-logo.png]
[911win.co/images/viet/newallbet.jpg]
[911win.co/images/viet/newallbet-logo.png]
[911win.co/images/viet/newdg2.jpg]
[911win.co/images/viet/newdg2-logo.png]
[911win.co/images/viet/newbbin_live.jpg]
[911win.co/images/viet/newbbin-logo.png]
[911win.co/images/viet/newsalong2.jpg]
[911win.co/images/viet/newsalong2-logo.png]
[911win.co/images/viet/newwm.jpg]
[911win.co/images/viet/newwm-logo.png]
[911win.co/images/viet/newASG.jpg]
[911win.co/images/viet/newASG-logo.png]
[911win.co/images/viet/newXG.jpg]
[911win.co/images/viet/newXG-logo.png]
[911win.co/game_live.html]
[911win.co/images/viet/egame_pc.webp]
[911win.co/images/viet/egame_mobile.webp]
[911win.co/images/viet/eleeeee.png]
[911win.co/images/viet/newigs.jpg]
[911win.co/images/viet/newigs-logo.png]
[911win.co/igs_gaming.html]
[911win.co/images/viet/newcq9.jpg]
[911win.co/images/viet/newcq9-logo.png]
[911win.co/images/viet/newV8.jpg]
[911win.co/images/viet/newV8-logo.png]
[911win.co/images/viet/newRICH.jpg]
[911win.co/images/viet/newRICH-logo.png]
[911win.co/images/viet/newqtech.jpg]
[911win.co/images/viet/newqtech-logo.png]
[911win.co/images/viet/newbbin_fish.jpg]
[911win.co/images/viet/newbbin_egame.jpg]
[911win.co/images/viet/newHC.jpg]
[911win.co/images/viet/newHC-logo.png]
[911win.co/game_egame.html]
[911win.co/images/viet/lottery_pc.webp]
[911win.co/images/viet/lottery_mobile.webp]
[911win.co/images/viet/lotteee.png]
[911win.co/images/viet/newvsl2.jpg]
[911win.co/images/viet/newvsl2-logo.png]
[911win.co/images/viet/newbbin_lottery.jpg]
[911win.co/images/viet/newSC.jpg]
[911win.co/images/viet/newSC-logo.png]
[911win.co/images/viet/newwinwin.jpg]
[911win.co/images/viet/newwinwin-logo.png]
[911win.co/game_lottery.html]
[911win.co/css/ch/bootstrap5.1.3.css]
[911win.co/images/viet/promo_pc.webp]
[911win.co/images/viet/promo_mobile.webp]
[911win.co/images/viet/prooo.png]
[911win.co/images/viet/evoban_en_2.png]
[911win.co/images/viet/vipp_vs.jpg]
[911win.co/images/viet/mofriend2.jpg]
[911win.co/images/viet/hois.jpg]
[911win.co/images/viet/bais.jpg]
[911win.co/images/viet/diems.jpg]
[911win.co/promotion.html]
[911win.co/images/viet/911-LOGOv.png]
[911win.co/images/viet/ccBT.png]
[911win.co/images/viet/wwBT.png]
[911win.co/images/viet/vmain2.png]
[911win.co/images/viet/p11.png]
[911win.co/images/viet/p2t1.png]
[911win.co/images/viet/p2w2.png]
[911win.co/images/viet/p2w5.png]
[911win.co/images/viet/999w2_2.png]
[911win.co/images/viet/fo1.png]
[911win.co/images/viet/fo2.png]
[911win.co/images/viet/p2w3.png]
[911win.co/images/viet/joinnn.png]
[911win.co/dealership.html]
[911win.co/images/viet/more_m.png]
[911win.co/911vip.html]
[911win.co/css/ch/style_n1fbe.css]
[911win.co/css/ch/ind.css]
[911win.co/images/viet/tawk_round.png]
[911win.co/images/viet/viber_round.png]
[911win.co/images/viet/line_round.png]
[911win.co/service.html]
[911win.co/images/viet/headphone.svg]
[911win.co/images/viet/9dot.svg]
[www.w3schools.com/w3css/4/w3.css]
[911win.co/css/ch/guastyled41d.css]
[911win.co/css/ch/indd41d.css]
[kit.fontawesome.com/54771db87b.js]
[911win.co/images/viet/notice11.png]
[911win.co/notice.html]
[911win.co/member_json4cyc.html]
[911win.co/images/viet/service.png]
[911win.co/images/viet/Table.png]
[911win.co/images/viet/treeeee.png]
[911win.co/service_help5.html]
[911win.co/images/viet/loudd.svg]
[911win.co/service_help1.html]
[911win.co/service_help2.html]
[911win.co/service_help3.html]
[911win.co/service_help4.html]
[911win.co/images/ch/ser.png]
[911win.co/images/ch/ser2.png]
[911win.co/disclaimer.html]
[911win.co/privacy.html]
[911win.co/service_terms.html]
[911win.co/css/images/1.html]
[911win.co/images/viet/icon_maintain.html]
[911win.co/assets/images/all-icon.html]
[911win.co/assets/images/menu.html]
[911win.co/assets/images/member-icon.html]
[911win.co/assets/images/loading-2.html]
[911win.co/assets/images/grab.html]
[911win.co/assets/images/grabbing.html]
[911win.co/css/ch/common/video-close-btn.html]
[911win.co/assets/images/light-skin-1.html]
[911win.co/assets/images/black-skin-1.html]
[911win.co/assets/images/black-skin-1-retina.html]
[911win.co/assets/images/black-skin-2.html]
[911win.co/assets/images/black-skin-2-retina.html]
[911win.co/assets/images/light-skin-2.html]
[911win.co/assets/images/light-skin-2-retina.html]
[911win.co/assets/images/light-skin-3.html]
[911win.co/assets/images/light-skin-3-retina.html]
[911win.co/assets/images/light-skin-4.html]
[911win.co/assets/images/light-skin-4-retina.html]
[911win.co/assets/images/light-skin-5.html]
[911win.co/assets/images/light-skin-5-retina.html]
[911win.co/assets/images/light-skin-6.html]
[911win.co/assets/images/light-skin-6-retina.html]
[911win.co/assets/images/metro-skin.html]
[911win.co/assets/images/metro-skin-retina.html]
[911win.co/assets/images/minimal.html]
[911win.co/assets/images/contrast-skin.html]
[911win.co/assets/images/contrast-skin-retina.html]
[911win.co/css/ch/templates/device-skin.html]
[911win.co/css/ch/templates/gallery-btns.html]
[911win.co/css/ch/templates/staff-arrows.html]
[911win.co/css/ch/templates/vertical-arrows.html]
[911win.co/assets/images/orange.html]
[911win.co/assets/images/online-service.html]
[911win.co/assets/images/banner-news-arrow.html]
[911win.co/assets/images/loader.html]
[911win.co/assets/images/icons.html]
[911win.co/assets/images/aoao.html]
[911win.co/assets/images/menu-bg.html]
[911win.co/assets/images/maska1e2.html]
[911win.co/assets/images/menu-hover.html]
[911win.co/assets/images/footer-top-blur.html]
[911win.co/assets/images/footer-top-line.html]
[911win.co/assets/images/ind-dt-line-bottom.html]
[911win.co/assets/images/ind-dt-bg-bottom.html]
[911win.co/assets/images/ind-dt-blur-bottom.html]
[911win.co/assets/images/inter-partner-line.html]
[911win.co/assets/images/inter-partner-bg.html]
[911win.co/assets/images/in-footer-blur.html]
[911win.co/assets/images/inter-banner.html]
[911win.co/assets/images/inter-dt-line.html]
[911win.co/assets/images/inter-dt-bg.html]
[911win.co/assets/images/inter-dt-blur.html]
[911win.co/assets/images/li-bg.html]
[911win.co/assets/images/li-img.html]
[911win.co/assets/images/share-page-arrow.html]
[911win.co/assets/images/pay-alett-money.html]
[911win.co/assets/images/ind-new-icon.html]
[911win.co/assets/images/ind-dt-line.html]
[911win.co/assets/images/ind-dt-bg.html]
[911win.co/assets/images/ind-dt-blur.html]
[911win.co/assets/images/ind-row1-sliver-bg.html]
[911win.co/assets/images/ind-row1-color-bg.html]
[911win.co/assets/images/ind-ulitem-bg.html]
[911win.co/assets/images/fast-trans-arrow.html]
[911win.co/assets/images/member-betting-arrow.html]
[911win.co/assets/images/member-tabs-bg.html]
[911win.co/assets/images/member-tabs-ahover.html]
[911win.co/assets/images/member-tabs-bottom-line.html]
[911win.co/assets/images/main-bg.html]
[911win.co/assets/images/login-bg.html]
[911win.co/assets/images/login-right-bg.html]
[911win.co/assets/images/event/info-icon.html]
[911win.co/assets/images/event/star-icon.html]
[911win.co/assets/images/event/gift-icon.html]
[911win.co/assets/images/service-qrcode.html]
[911win.co/assets/images/game-page/slot/top-slot-bg.html]
[911win.co/assets/images/game-page/bingo/bg.html]
[911win.co/assets/images/game-page/sport/bg.html]
[911win.co/assets/images/q.html]
[911win.co/assets/images/a.html]
[911win.co/assets/images/mlb-bg.html]
[911win.co/assets/images/mlb-point.html]
[911win.co/assets/images/bg-repeat.html]
[911win.co/assets/images/mlb-team-icon.html]
[911win.co/assets/images/team-like.html]
[911win.co/css/fonts/fontawesome-webfont5b62.html]
[911win.co/css/fonts/fontawesome-webfontd41d.html]
[911win.co/css/fonts/fontawesome-webfont5b62-2.html]
[911win.co/css/fonts/fontawesome-webfont5b62-3.html]
[911win.co/css/mo/grabbing.html]
[911win.co/lib/doaction.html]
[911win.co/images/phone.html]
[911win.co/images/ID.html]
[911win.co/images/softwareid.html]
[911win.co/images/shield.html]
[911win.co/images/location.html]
[911win.co/images/software.html]
[911win.co/c.html]
[911win.co/b.html]
[911win.co/POST.html]
[911win.co/css/fonts/glyphicons-halflings-regular.html]
[911win.co/css/fonts/glyphicons-halflings-regulard41d.html]
[911win.co/css/fonts/glyphicons-halflings-regular-2.html]
[911win.co/css/fonts/glyphicons-halflings-regular-3.html]
[911win.co/css/fonts/glyphicons-halflings-regular-4.html]
[911win.co/css/fonts/glyphicons-halflings-regular-5.html]
[911win.co/css/ch/css/icons.html]
[911win.co/css/ch/css/text.html]
[911win.co/css/ch/css/buttons.html]
[911win.co/css/ch/css/content.html]
[911win.co/css/ch/css/button-loader.html]
[ajax.googleapis.com/ajax/libs/jquery/1.9.1/jquery.min.js]
[www.google-analytics.com/analytics.js]
[911win.co/download-2.html]
[requirejs.org/docs/release/2.1.11/minified/require.js]
[911win.co/images/mobile-d2.png]
[911win.co/images/back-mobile.png]
[911win.co/how.html]
[911win.co/images/tools-icon.png]
[911win.co/ios-setup.html]
[911win.co/images/android-bottom.png]
[911win.co/images/ios-bottom.png]
[911win.co/download.html]
[911win.co/css/ch/style_nf739.css]
[911win.co/line.html]
[911win.co/fonts/roboto/roboto-v15-latin-100.eot]
[911win.co/fonts/roboto/roboto-v15-latin-100d41d.eot]
[911win.co/fonts/roboto/roboto-v15-latin-100.woff2]
[911win.co/fonts/roboto/roboto-v15-latin-100.woff]
[911win.co/fonts/roboto/roboto-v15-latin-100.ttf]
[911win.co/fonts/roboto/roboto-v15-latin-100.svg]
[911win.co/fonts/roboto/roboto-v15-latin-300.eot]
[911win.co/fonts/roboto/roboto-v15-latin-300d41d.eot]
[911win.co/fonts/roboto/roboto-v15-latin-300.woff2]
[911win.co/fonts/roboto/roboto-v15-latin-300.woff]
[911win.co/fonts/roboto/roboto-v15-latin-300.ttf]
[911win.co/fonts/roboto/roboto-v15-latin-300.svg]
[911win.co/fonts/roboto/roboto-v15-latin-regular.eot]
[911win.co/fonts/roboto/roboto-v15-latin-regulard41d.eot]
[911win.co/fonts/roboto/roboto-v15-latin-regular.woff2]
[911win.co/fonts/roboto/roboto-v15-latin-regular.woff]
[911win.co/fonts/roboto/roboto-v15-latin-regular.ttf]
[911win.co/fonts/roboto/roboto-v15-latin-regular.svg]
[911win.co/fonts/roboto/roboto-v15-latin-500.eot]
[911win.co/fonts/roboto/roboto-v15-latin-500d41d.eot]
[911win.co/fonts/roboto/roboto-v15-latin-500.woff2]
[911win.co/fonts/roboto/roboto-v15-latin-500.woff]
[911win.co/fonts/roboto/roboto-v15-latin-500.ttf]
[911win.co/fonts/roboto/roboto-v15-latin-500.svg]
[911win.co/fonts/roboto/roboto-v15-latin-700.eot]
[911win.co/fonts/roboto/roboto-v15-latin-700d41d.eot]
[911win.co/fonts/roboto/roboto-v15-latin-700.woff2]
[911win.co/fonts/roboto/roboto-v15-latin-700.woff]
[911win.co/fonts/roboto/roboto-v15-latin-700.ttf]
[911win.co/fonts/roboto/roboto-v15-latin-700.svg]
[911win.co/fonts/merriweather/merriweather-v11-latin-700italic.eot]
[911win.co/fonts/merriweather/merriweather-v11-latin-700italicd41d.eot]
[911win.co/fonts/merriweather/merriweather-v11-latin-700italic.woff2]
[911win.co/fonts/merriweather/merriweather-v11-latin-700italic.woff]
[911win.co/fonts/merriweather/merriweather-v11-latin-700italic.ttf]
[911win.co/fonts/merriweather/merriweather-v11-latin-700italic.svg]
[911win.co/css/fonts/bootstrap/glyphicons-halflings-regular.eot]
[911win.co/css/fonts/bootstrap/glyphicons-halflings-regulard41d.eot]
[911win.co/css/fonts/bootstrap/glyphicons-halflings-regular.woff2]
[911win.co/css/fonts/bootstrap/glyphicons-halflings-regular.woff]
[911win.co/css/fonts/bootstrap/glyphicons-halflings-regular.ttf]
[911win.co/css/fonts/bootstrap/glyphicons-halflings-regular.svg]
[911win.co/css/fonts/fontawesome-webfont93e3.eot]
[911win.co/css/fonts/fontawesome-webfont93e3.woff2]
[911win.co/css/fonts/fontawesome-webfont93e3.woff]
[911win.co/css/fonts/fontawesome-webfont93e3.ttf]
[911win.co/css/ch/@/fonts/fontawesome-webfont93e3.svg]
[911win.co/css/fonts/vendor/icomoon/fonts/icomoon2f38.eot]
[911win.co/css/fonts/vendor/icomoon/fonts/icomoon2f38.ttf]
[911win.co/css/fonts/vendor/icomoon/fonts/icomoon2f38.woff]
[911win.co/css/fonts/vendor/icomoon/fonts/icomoon2f38.svg]
[911win.co/images/ch/homeicons2.png]
[911win.co/css/img/promotions/first-deposit-bigbanner.jpg]
[911win.co/css/img/promotions/deposit-incentives-bigbanner.jpg]
[911win.co/css/img/promotions/aof-jackpot-bigbanner.jpg]
[911win.co/css/img/promotions/cookie-freerolls-bigbanner.jpg]
[911win.co/css/img/promotions/sunday-series-bigbanner.jpg]
[911win.co/css/img/promotions/jackpot-ticker-box.png]
[911win.co/css/img/promotions/border.png]
[911win.co/css/img/promotions/bg/lightgreen.png]
[911win.co/css/img/promotions/bg/midgreen.png]
[911win.co/css/img/promotions/bg/stronggreen.png]
[911win.co/css/ch/indacfc.css]
[911win.co/css/images/loading.svg]
[911win.co/css/ch/app.css]
[911win.co/createToken.html]
[911win.co/js/jquery.min.js]
[images.iconic-gaming.com/games/lobby01/vi/icon_180x180.png]
[images.iconic-gaming.com/games/coo0055/vi/icon_180x180.png]
[images.iconic-gaming.com/games/cmf0006/vi/icon_180x180.png]
[images.iconic-gaming.com/games/coo0050/vi/icon_180x180.png]
[images.iconic-gaming.com/games/coo0054/vi/icon_180x180.png]
[images.iconic-gaming.com/games/cmf0002/vi/icon_180x180.png]
[images.iconic-gaming.com/games/cm00002/vi/icon_180x180.png]
[images.iconic-gaming.com/games/cm00011/vi/icon_180x180.png]
[images.iconic-gaming.com/games/cm00001/vi/icon_180x180.png]
[images.iconic-gaming.com/games/cm00076/vi/icon_180x180.png]
[images.iconic-gaming.com/games/cmf0001/vi/icon_180x180.png]
[images.iconic-gaming.com/games/cm00056/vi/icon_180x180.png]
[images.iconic-gaming.com/games/coo0049/vi/icon_180x180.png]
[images.iconic-gaming.com/games/coo0048/vi/icon_180x180.png]
[images.iconic-gaming.com/games/coo0053/vi/icon_180x180.png]
[images.iconic-gaming.com/games/coo0047/vi/icon_180x180.png]
[images.iconic-gaming.com/games/coo0038/vi/icon_180x180.png]
[images.iconic-gaming.com/games/coo0001/vi/icon_180x180.png]
[images.iconic-gaming.com/games/cm00014/vi/icon_180x180.png]
[images.iconic-gaming.com/games/cm00006/vi/icon_180x180.png]
[images.iconic-gaming.com/games/cm00010/vi/icon_180x180.png]
[images.iconic-gaming.com/games/cm00009/vi/icon_180x180.png]
[images.iconic-gaming.com/games/cm00075/vi/icon_180x180.png]
[images.iconic-gaming.com/games/cm00083/vi/icon_180x180.png]
[images.iconic-gaming.com/games/cm00046/vi/icon_180x180.png]
[images.iconic-gaming.com/games/cm00034/vi/icon_180x180.png]
[images.iconic-gaming.com/games/cm00030/vi/icon_180x180.png]
[images.iconic-gaming.com/games/cm00063/vi/icon_180x180.png]
[images.iconic-gaming.com/games/cm00074/vi/icon_180x180.png]
[images.iconic-gaming.com/games/cm00020/vi/icon_180x180.png]
[images.iconic-gaming.com/games/cmc0001/vi/icon_180x180.png]
[images.iconic-gaming.com/games/cm00031/vi/icon_180x180.png]
[images.iconic-gaming.com/games/cm00032/vi/icon_180x180.png]
[images.iconic-gaming.com/games/cmc0002/vi/icon_180x180.png]
[images.iconic-gaming.com/games/coo0004/vi/icon_180x180.png]
[images.iconic-gaming.com/games/coo0006/vi/icon_180x180.png]
[images.iconic-gaming.com/games/coo0010/vi/icon_180x180.png]
[images.iconic-gaming.com/games/coo0017/vi/icon_180x180.png]
[images.iconic-gaming.com/games/coo0015/vi/icon_180x180.png]
[images.iconic-gaming.com/games/coo0011/vi/icon_180x180.png]
[images.iconic-gaming.com/games/coo0018/vi/icon_180x180.png]
[images.iconic-gaming.com/games/coo0008/vi/icon_180x180.png]
[images.iconic-gaming.com/games/coo0016/vi/icon_180x180.png]
[images.iconic-gaming.com/games/coo0013/vi/icon_180x180.png]
[images.iconic-gaming.com/games/coo0020/vi/icon_180x180.png]
[images.iconic-gaming.com/games/cm00003/vi/icon_180x180.png]
[images.iconic-gaming.com/games/coo0007/vi/icon_180x180.png]
[images.iconic-gaming.com/games/cm00019/vi/icon_180x180.png]
[images.iconic-gaming.com/games/cm00005/vi/icon_180x180.png]
[images.iconic-gaming.com/games/cm00016/vi/icon_180x180.png]
[images.iconic-gaming.com/games/cm00004/vi/icon_180x180.png]
[images.iconic-gaming.com/games/cm00018/vi/icon_180x180.png]
[images.iconic-gaming.com/games/cm00021/vi/icon_180x180.png]
[images.iconic-gaming.com/games/cm00022/vi/icon_180x180.png]
[images.iconic-gaming.com/games/cm00055/vi/icon_180x180.png]
[images.iconic-gaming.com/games/cm00013/vi/icon_180x180.png]
[images.iconic-gaming.com/games/cm00038/vi/icon_180x180.png]
[images.iconic-gaming.com/games/cm00007/vi/icon_180x180.png]
[images.iconic-gaming.com/games/cm00067/vi/icon_180x180.png]
[images.iconic-gaming.com/games/cm00033/vi/icon_180x180.png]
[images.iconic-gaming.com/games/cm00040/vi/icon_180x180.png]
[images.iconic-gaming.com/games/cm00008/vi/icon_180x180.png]
[images.iconic-gaming.com/games/cm00035/vi/icon_180x180.png]
[images.iconic-gaming.com/games/cm00042/vi/icon_180x180.png]
[images.iconic-gaming.com/games/cm00017/vi/icon_180x180.png]
[images.iconic-gaming.com/games/cm00015/vi/icon_180x180.png]
[images.iconic-gaming.com/games/cm00026/vi/icon_180x180.png]
[images.iconic-gaming.com/games/cm00023/vi/icon_180x180.png]
[images.iconic-gaming.com/games/coo0037/vi/icon_180x180.png]
[images.iconic-gaming.com/games/coo0035/vi/icon_180x180.png]
[images.iconic-gaming.com/games/coo0034/vi/icon_180x180.png]
[images.iconic-gaming.com/games/coo0033/vi/icon_180x180.png]
[images.iconic-gaming.com/games/coo0032/vi/icon_180x180.png]
[images.iconic-gaming.com/games/coo0031/vi/icon_180x180.png]
[images.iconic-gaming.com/games/coo0030/vi/icon_180x180.png]
[images.iconic-gaming.com/games/coo0029/vi/icon_180x180.png]
[images.iconic-gaming.com/games/coo0028/vi/icon_180x180.png]
[images.iconic-gaming.com/games/coo0027/vi/icon_180x180.png]
[images.iconic-gaming.com/games/coo0026/vi/icon_180x180.png]
[images.iconic-gaming.com/games/coo0025/vi/icon_180x180.png]
[images.iconic-gaming.com/games/coo0024/vi/icon_180x180.png]
[images.iconic-gaming.com/games/coo0023/vi/icon_180x180.png]
[images.iconic-gaming.com/games/coo0022/vi/icon_180x180.png]
[images.iconic-gaming.com/games/coo0021/vi/icon_180x180.png]
[images.iconic-gaming.com/games/coo0005/vi/icon_180x180.png]
[911win.co/igs_gaming.html]
[911win.co/css/ch/bootstrap5.1.3.css]
[911win.co/images/viet/prooo.jpg]
[911win.co/images/viet/ddbg.png]
[911win.co/images/viet/tggg.png]
[911win.co/images/viet/2title.png]
[911win.co/images/viet/2-Table.png]
[911win.co/images/viet/ttttt.png]
[911win.co/images/viet/4rrr.png]
[911win.co/images/viet/gogobt.png]
[911win.co/images/viet/facebook.png]
[911win.co/images/viet/instagram.png]
[911win.co/images/viet/LOGO_top.png]
[911win.co/images/viet/Telegram_Messenger.png]
[911win.co/images/viet/zalo.png]
[911win.co/dealership.html]
[911win.co/css/ch/style_n1fbe.css]
[911win.co/css/ch/ind.css]
[www.w3schools.com/w3css/4/w3.css]
[911win.co/images/viet/vipbutton.png]
[911win.co/images/Jackpot_Chat.png]
[911win.co/css/ch/guastyled41d.css]
[911win.co/css/ch/indd41d.css]
[jqmdesigner.appspot.com/gk/lib/jquery.mobile/1.4.5/images/icons-png/action-white.png]
[jqmdesigner.appspot.com/gk/lib/jquery.mobile/1.4.5/images/icons-png/alert-white.png]
[jqmdesigner.appspot.com/gk/lib/jquery.mobile/1.4.5/images/icons-png/arrow-d-l-white.png]
[jqmdesigner.appspot.com/gk/lib/jquery.mobile/1.4.5/images/icons-png/arrow-d-r-white.png]
[jqmdesigner.appspot.com/gk/lib/jquery.mobile/1.4.5/images/icons-png/arrow-d-white.png]
[jqmdesigner.appspot.com/gk/lib/jquery.mobile/1.4.5/images/icons-png/arrow-l-white.png]
[jqmdesigner.appspot.com/gk/lib/jquery.mobile/1.4.5/images/icons-png/arrow-r-white.png]
[jqmdesigner.appspot.com/gk/lib/jquery.mobile/1.4.5/images/icons-png/arrow-u-l-white.png]
[jqmdesigner.appspot.com/gk/lib/jquery.mobile/1.4.5/images/icons-png/arrow-u-r-white.png]
[jqmdesigner.appspot.com/gk/lib/jquery.mobile/1.4.5/images/icons-png/arrow-u-white.png]
[jqmdesigner.appspot.com/gk/lib/jquery.mobile/1.4.5/images/icons-png/audio-white.png]
[jqmdesigner.appspot.com/gk/lib/jquery.mobile/1.4.5/images/icons-png/back-white.png]
[jqmdesigner.appspot.com/gk/lib/jquery.mobile/1.4.5/images/icons-png/bars-white.png]
[jqmdesigner.appspot.com/gk/lib/jquery.mobile/1.4.5/images/icons-png/bullets-white.png]
[jqmdesigner.appspot.com/gk/lib/jquery.mobile/1.4.5/images/icons-png/calendar-white.png]
[jqmdesigner.appspot.com/gk/lib/jquery.mobile/1.4.5/images/icons-png/camera-white.png]
[jqmdesigner.appspot.com/gk/lib/jquery.mobile/1.4.5/images/icons-png/carat-d-white.png]
[jqmdesigner.appspot.com/gk/lib/jquery.mobile/1.4.5/images/icons-png/carat-l-white.png]
[jqmdesigner.appspot.com/gk/lib/jquery.mobile/1.4.5/images/icons-png/carat-r-white.png]
[jqmdesigner.appspot.com/gk/lib/jquery.mobile/1.4.5/images/icons-png/carat-u-white.png]
[jqmdesigner.appspot.com/gk/lib/jquery.mobile/1.4.5/images/icons-png/check-white.png]
[jqmdesigner.appspot.com/gk/lib/jquery.mobile/1.4.5/images/icons-png/clock-white.png]
[jqmdesigner.appspot.com/gk/lib/jquery.mobile/1.4.5/images/icons-png/cloud-white.png]
[jqmdesigner.appspot.com/gk/lib/jquery.mobile/1.4.5/images/icons-png/comment-white.png]
[jqmdesigner.appspot.com/gk/lib/jquery.mobile/1.4.5/images/icons-png/delete-white.png]
[jqmdesigner.appspot.com/gk/lib/jquery.mobile/1.4.5/images/icons-png/edit-white.png]
[jqmdesigner.appspot.com/gk/lib/jquery.mobile/1.4.5/images/icons-png/eye-white.png]
[jqmdesigner.appspot.com/gk/lib/jquery.mobile/1.4.5/images/icons-png/forbidden-white.png]
[jqmdesigner.appspot.com/gk/lib/jquery.mobile/1.4.5/images/icons-png/forward-white.png]
[jqmdesigner.appspot.com/gk/lib/jquery.mobile/1.4.5/images/icons-png/gear-white.png]
[jqmdesigner.appspot.com/gk/lib/jquery.mobile/1.4.5/images/icons-png/grid-white.png]
[jqmdesigner.appspot.com/gk/lib/jquery.mobile/1.4.5/images/icons-png/heart-white.png]
[jqmdesigner.appspot.com/gk/lib/jquery.mobile/1.4.5/images/icons-png/home-white.png]
[jqmdesigner.appspot.com/gk/lib/jquery.mobile/1.4.5/images/icons-png/info-white.png]
[jqmdesigner.appspot.com/gk/lib/jquery.mobile/1.4.5/images/icons-png/location-white.png]
[jqmdesigner.appspot.com/gk/lib/jquery.mobile/1.4.5/images/icons-png/lock-white.png]
[jqmdesigner.appspot.com/gk/lib/jquery.mobile/1.4.5/images/icons-png/mail-white.png]
[jqmdesigner.appspot.com/gk/lib/jquery.mobile/1.4.5/images/icons-png/minus-white.png]
[jqmdesigner.appspot.com/gk/lib/jquery.mobile/1.4.5/images/icons-png/navigation-white.png]
[jqmdesigner.appspot.com/gk/lib/jquery.mobile/1.4.5/images/icons-png/phone-white.png]
[jqmdesigner.appspot.com/gk/lib/jquery.mobile/1.4.5/images/icons-png/plus-white.png]
[jqmdesigner.appspot.com/gk/lib/jquery.mobile/1.4.5/images/icons-png/power-white.png]
[jqmdesigner.appspot.com/gk/lib/jquery.mobile/1.4.5/images/icons-png/recycle-white.png]
[jqmdesigner.appspot.com/gk/lib/jquery.mobile/1.4.5/images/icons-png/refresh-white.png]
[jqmdesigner.appspot.com/gk/lib/jquery.mobile/1.4.5/images/icons-png/search-white.png]
[jqmdesigner.appspot.com/gk/lib/jquery.mobile/1.4.5/images/icons-png/shop-white.png]
[jqmdesigner.appspot.com/gk/lib/jquery.mobile/1.4.5/images/icons-png/star-white.png]
[jqmdesigner.appspot.com/gk/lib/jquery.mobile/1.4.5/images/icons-png/tag-white.png]
[jqmdesigner.appspot.com/gk/lib/jquery.mobile/1.4.5/images/icons-png/user-white.png]
[jqmdesigner.appspot.com/gk/lib/jquery.mobile/1.4.5/images/icons-png/video-white.png]
[jqmdesigner.appspot.com/gk/lib/jquery.mobile/1.4.5/images/icons-png/action-black.png]
[jqmdesigner.appspot.com/gk/lib/jquery.mobile/1.4.5/images/icons-png/alert-black.png]
[jqmdesigner.appspot.com/gk/lib/jquery.mobile/1.4.5/images/icons-png/arrow-d-black.png]
[jqmdesigner.appspot.com/gk/lib/jquery.mobile/1.4.5/images/icons-png/arrow-d-l-black.png]
[jqmdesigner.appspot.com/gk/lib/jquery.mobile/1.4.5/images/icons-png/arrow-d-r-black.png]
[jqmdesigner.appspot.com/gk/lib/jquery.mobile/1.4.5/images/icons-png/arrow-l-black.png]
[jqmdesigner.appspot.com/gk/lib/jquery.mobile/1.4.5/images/icons-png/arrow-r-black.png]
[jqmdesigner.appspot.com/gk/lib/jquery.mobile/1.4.5/images/icons-png/arrow-u-black.png]
[jqmdesigner.appspot.com/gk/lib/jquery.mobile/1.4.5/images/icons-png/arrow-u-l-black.png]
[jqmdesigner.appspot.com/gk/lib/jquery.mobile/1.4.5/images/icons-png/arrow-u-r-black.png]
[jqmdesigner.appspot.com/gk/lib/jquery.mobile/1.4.5/images/icons-png/audio-black.png]
[jqmdesigner.appspot.com/gk/lib/jquery.mobile/1.4.5/images/icons-png/back-black.png]
[jqmdesigner.appspot.com/gk/lib/jquery.mobile/1.4.5/images/icons-png/bars-black.png]
[jqmdesigner.appspot.com/gk/lib/jquery.mobile/1.4.5/images/icons-png/bullets-black.png]
[jqmdesigner.appspot.com/gk/lib/jquery.mobile/1.4.5/images/icons-png/calendar-black.png]
[jqmdesigner.appspot.com/gk/lib/jquery.mobile/1.4.5/images/icons-png/camera-black.png]
[jqmdesigner.appspot.com/gk/lib/jquery.mobile/1.4.5/images/icons-png/carat-d-black.png]
[jqmdesigner.appspot.com/gk/lib/jquery.mobile/1.4.5/images/icons-png/carat-l-black.png]
[jqmdesigner.appspot.com/gk/lib/jquery.mobile/1.4.5/images/icons-png/carat-r-black.png]
[jqmdesigner.appspot.com/gk/lib/jquery.mobile/1.4.5/images/icons-png/carat-u-black.png]
[jqmdesigner.appspot.com/gk/lib/jquery.mobile/1.4.5/images/icons-png/check-black.png]
[jqmdesigner.appspot.com/gk/lib/jquery.mobile/1.4.5/images/icons-png/clock-black.png]
[jqmdesigner.appspot.com/gk/lib/jquery.mobile/1.4.5/images/icons-png/cloud-black.png]
[jqmdesigner.appspot.com/gk/lib/jquery.mobile/1.4.5/images/icons-png/comment-black.png]
[jqmdesigner.appspot.com/gk/lib/jquery.mobile/1.4.5/images/icons-png/delete-black.png]
[jqmdesigner.appspot.com/gk/lib/jquery.mobile/1.4.5/images/icons-png/edit-black.png]
[jqmdesigner.appspot.com/gk/lib/jquery.mobile/1.4.5/images/icons-png/eye-black.png]
[jqmdesigner.appspot.com/gk/lib/jquery.mobile/1.4.5/images/icons-png/forbidden-black.png]
[jqmdesigner.appspot.com/gk/lib/jquery.mobile/1.4.5/images/icons-png/forward-black.png]
[jqmdesigner.appspot.com/gk/lib/jquery.mobile/1.4.5/images/icons-png/gear-black.png]
[jqmdesigner.appspot.com/gk/lib/jquery.mobile/1.4.5/images/icons-png/grid-black.png]
[jqmdesigner.appspot.com/gk/lib/jquery.mobile/1.4.5/images/icons-png/heart-black.png]
[jqmdesigner.appspot.com/gk/lib/jquery.mobile/1.4.5/images/icons-png/home-black.png]
[jqmdesigner.appspot.com/gk/lib/jquery.mobile/1.4.5/images/icons-png/info-black.png]
[jqmdesigner.appspot.com/gk/lib/jquery.mobile/1.4.5/images/icons-png/location-black.png]
[jqmdesigner.appspot.com/gk/lib/jquery.mobile/1.4.5/images/icons-png/lock-black.png]
[jqmdesigner.appspot.com/gk/lib/jquery.mobile/1.4.5/images/icons-png/mail-black.png]
[jqmdesigner.appspot.com/gk/lib/jquery.mobile/1.4.5/images/icons-png/minus-black.png]
[jqmdesigner.appspot.com/gk/lib/jquery.mobile/1.4.5/images/icons-png/navigation-black.png]
[jqmdesigner.appspot.com/gk/lib/jquery.mobile/1.4.5/images/icons-png/phone-black.png]
[jqmdesigner.appspot.com/gk/lib/jquery.mobile/1.4.5/images/icons-png/plus-black.png]
[jqmdesigner.appspot.com/gk/lib/jquery.mobile/1.4.5/images/icons-png/power-black.png]
[jqmdesigner.appspot.com/gk/lib/jquery.mobile/1.4.5/images/icons-png/recycle-black.png]
[jqmdesigner.appspot.com/gk/lib/jquery.mobile/1.4.5/images/icons-png/refresh-black.png]
[jqmdesigner.appspot.com/gk/lib/jquery.mobile/1.4.5/images/icons-png/search-black.png]
[jqmdesigner.appspot.com/gk/lib/jquery.mobile/1.4.5/images/icons-png/shop-black.png]
[jqmdesigner.appspot.com/gk/lib/jquery.mobile/1.4.5/images/icons-png/star-black.png]
[jqmdesigner.appspot.com/gk/lib/jquery.mobile/1.4.5/images/icons-png/tag-black.png]
[jqmdesigner.appspot.com/gk/lib/jquery.mobile/1.4.5/images/icons-png/user-black.png]
[jqmdesigner.appspot.com/gk/lib/jquery.mobile/1.4.5/images/icons-png/video-black.png]
[jqmdesigner.appspot.com/gk/lib/jquery.mobile/1.4.5/images/ajax-loader.gif]
[jqmdesigner.appspot.com/gk/lib/jquery.mobile/1.4.5/jquery.mobile-1.4.5.min.css]
[911win.co/mo/fonts/Helvetica.ttf]
[911win.co/js/jquery.js]
[911win.co/css/ch/swiper.min.css]
[911win.co/images/ch/91logo-5.png]
[911win.co/save_q.html]
[911win.co/images/ch/q_icon.png]
[911win.co/images/ch/game_hall.png]
[911win.co/images/ch/speaker_gray.png]
[911win.co/images/ch/loud.svg]
[911win.co/js/swiper.min.js]
[911win.co/download_android.html]
[911win.co/images/ch/android.png]
[911win.co/download_apple.html]
[911win.co/images/ch/iospoker.png]
[911win.co/download_apk.html]
[911win.co/images/ch/pc.png]
[911win.co/images/ch/back.png]
[911win.co/download-2.html]
[jqmdesigner.appspot.com/components/jquery.gk/jquery.gk.min.js]
[jqmdesigner.appspot.com/components/gk-loader/gk-loader.js]
[911win.co/images/111.png]
[911win.co/js/jquery.magnific-popup.js]
[911win.co/images/112.png]
[911win.co/images/113.png]
[911win.co/images/114.jpg]
[911win.co/images/115.jpg]
[911win.co/images/116.jpg]
[911win.co/images/117.jpg]
[911win.co/images/118.jpg]
[911win.co/images/119.jpg]
[911win.co/images/110.jpg]
[911win.co/how.html]
[911win.co/ios-setup.html]
[911win.co/images/line.png]
[911win.co/images/download-buttom.png]
[911win.co/line.html]
[911win.co/fonts/roboto/roboto-v15-latin-100.html]
[911win.co/fonts/roboto/roboto-v15-latin-100d41d.html]
[911win.co/fonts/roboto/roboto-v15-latin-101.html]
[911win.co/fonts/roboto/roboto-v15-latin-102.html]
[911win.co/fonts/roboto/roboto-v15-latin-103.html]
[911win.co/fonts/roboto/roboto-v15-latin-104.html]
[911win.co/fonts/roboto/roboto-v15-latin-300.html]
[911win.co/fonts/roboto/roboto-v15-latin-300d41d.html]
[911win.co/fonts/roboto/roboto-v15-latin-301.html]
[911win.co/fonts/roboto/roboto-v15-latin-302.html]
[911win.co/fonts/roboto/roboto-v15-latin-303.html]
[911win.co/fonts/roboto/roboto-v15-latin-304.html]
[911win.co/fonts/roboto/roboto-v15-latin-regular.html]
[911win.co/fonts/roboto/roboto-v15-latin-regulard41d.html]
[911win.co/fonts/roboto/roboto-v15-latin-regular-2.html]
[911win.co/fonts/roboto/roboto-v15-latin-regular-3.html]
[911win.co/fonts/roboto/roboto-v15-latin-regular-4.html]
[911win.co/fonts/roboto/roboto-v15-latin-regular-5.html]
[911win.co/fonts/roboto/roboto-v15-latin-500.html]
[911win.co/fonts/roboto/roboto-v15-latin-500d41d.html]
[911win.co/fonts/roboto/roboto-v15-latin-501.html]
[911win.co/fonts/roboto/roboto-v15-latin-502.html]
[911win.co/fonts/roboto/roboto-v15-latin-503.html]
[911win.co/fonts/roboto/roboto-v15-latin-504.html]
[911win.co/fonts/roboto/roboto-v15-latin-700.html]
[911win.co/fonts/roboto/roboto-v15-latin-700d41d.html]
[911win.co/fonts/roboto/roboto-v15-latin-701.html]
[911win.co/fonts/roboto/roboto-v15-latin-702.html]
[911win.co/fonts/roboto/roboto-v15-latin-703.html]
[911win.co/fonts/roboto/roboto-v15-latin-704.html]
[911win.co/fonts/merriweather/merriweather-v11-latin-700italic.html]
[911win.co/fonts/merriweather/merriweather-v11-latin-700italicd41d.html]
[911win.co/fonts/merriweather/merriweather-v11-latin-700italic-2.html]
[911win.co/fonts/merriweather/merriweather-v11-latin-700italic-3.html]
[911win.co/fonts/merriweather/merriweather-v11-latin-700italic-4.html]
[911win.co/fonts/merriweather/merriweather-v11-latin-700italic-5.html]
[911win.co/css/fonts/bootstrap/glyphicons-halflings-regular.html]
[911win.co/css/fonts/bootstrap/glyphicons-halflings-regulard41d.html]
[911win.co/css/fonts/bootstrap/glyphicons-halflings-regular-2.html]
[911win.co/css/fonts/bootstrap/glyphicons-halflings-regular-3.html]
[911win.co/css/fonts/bootstrap/glyphicons-halflings-regular-4.html]
[911win.co/css/fonts/bootstrap/glyphicons-halflings-regular-5.html]
[911win.co/css/fonts/fontawesome-webfont93e3.html]
[911win.co/css/fonts/fontawesome-webfont93e3-2.html]
[911win.co/css/ch/@/fonts/fontawesome-webfont93e3.html]
[911win.co/css/fonts/vendor/icomoon/fonts/icomoon2f38.html]
[911win.co/css/fonts/vendor/icomoon/fonts/icomoon2f38-2.html]
[911win.co/css/fonts/vendor/icomoon/fonts/icomoon2f38-3.html]
[911win.co/css/fonts/vendor/icomoon/fonts/icomoon2f38-4.html]
[911win.co/css/img/promotions/first-deposit-bigbanner.html]
[911win.co/css/img/promotions/deposit-incentives-bigbanner.html]
[911win.co/css/img/promotions/aof-jackpot-bigbanner.html]
[911win.co/css/img/promotions/cookie-freerolls-bigbanner.html]
[911win.co/css/img/promotions/sunday-series-bigbanner.html]
[911win.co/css/img/promotions/jackpot-ticker-box.html]
[911win.co/css/img/promotions/border.html]
[911win.co/css/img/promotions/bg/lightgreen.html]
[911win.co/css/img/promotions/bg/midgreen.html]
[911win.co/css/img/promotions/bg/stronggreen.html]
[911win.co/css/images/loading.html]
[911win.co/index.html]
[911win.co/images/Jackpot_Chat.html]
[911win.co/css/ch/swiper.min.css]
[911win.co/save_q.html]
[911win.co/images/ch/loud.svg]
[911win.co/images/ch/android1.jpg]
[911win.co/images/ch/android2.jpg]
[911win.co/images/ch/android3.jpg]
[911win.co/images/ch/android4.jpg]
[911win.co/images/ch/android5.jpg]
[911win.co/images/ch/android6.jpg]
[911win.co/download_android.html]
[911win.co/images/ch/ios1.jpg]
[911win.co/images/ch/ios2.jpg]
[911win.co/images/ch/ios3.jpg]
[911win.co/images/ch/ios4.jpg]
[911win.co/images/ch/ios5.jpg]
[911win.co/download_apple.html]
[911win.co/images/ch/apkk.jpg]
[911win.co/download_apk.html]
[code.jquery.com/mobile/1.4.5/jquery.mobile-1.4.5.min.js]
